// Jest Snapshot v1, https://goo.gl/fbAQLP

exports[`TimeLineItem renders TimeLineItem correctly 1`] = `
<div>
  <div
    class="lg:flex lg:justify-between lg:max-w-4xl mx-auto mb-8"
  >
    <div
      class="mb-2 lg:w-52"
    >
      <span
        class="font-light"
      >
        from ... to ...
      </span>
    </div>
    <div
      class="lg:w-3/4"
    >
      <h3
        class="text-xl leading-tight uppercase font-bold text-neutral-900 dark:text-white"
      >
        Title
      </h3>
      <h4
        class="text-lg leading-tight font-medium my-2 md:my-1 text-neutral-600 dark:text-neutral-50"
      >
        SubTitle
      </h4>
      <div
        class="mb-4"
      >
        <p>
          Some Contents
        </p>
      </div>
    </div>
  </div>
</div>
`;
